C:/Users/user/Documents/STM32/Pecman_de/Core/Src/main.c:108:11:Dir_Joystick	5
C:/Users/user/Documents/STM32/Pecman_de/Core/Src/main.c:125:6:Move_Pacman	9
C:/Users/user/Documents/STM32/Pecman_de/Core/Src/main.c:168:6:LCD_Display_Charactor	6
C:/Users/user/Documents/STM32/Pecman_de/Core/Src/main.c:207:6:Move_Enemy	10
C:/Users/user/Documents/STM32/Pecman_de/Core/Src/main.c:246:6:LCD_Display_Enemy	1
C:/Users/user/Documents/STM32/Pecman_de/Core/Src/main.c:253:13:GameStatus	12
C:/Users/user/Documents/STM32/Pecman_de/Core/Src/main.c:308:6:LevelupInit	3
C:/Users/user/Documents/STM32/Pecman_de/Core/Src/main.c:326:6:HAL_TIM_PeriodElapsedCallback	1
C:/Users/user/Documents/STM32/Pecman_de/Core/Src/main.c:331:6:StartSound	1
C:/Users/user/Documents/STM32/Pecman_de/Core/Src/main.c:346:6:LoseSound	1
C:/Users/user/Documents/STM32/Pecman_de/Core/Src/main.c:366:6:WinSound	1
C:/Users/user/Documents/STM32/Pecman_de/Core/Src/main.c:409:5:main	10
C:/Users/user/Documents/STM32/Pecman_de/Core/Src/main.c:567:6:SystemClock_Config	3
C:/Users/user/Documents/STM32/Pecman_de/Core/Src/main.c:613:13:MX_ADC1_Init	4
C:/Users/user/Documents/STM32/Pecman_de/Core/Src/main.c:674:13:MX_I2C1_Init	2
C:/Users/user/Documents/STM32/Pecman_de/Core/Src/main.c:708:13:MX_TIM2_Init	4
C:/Users/user/Documents/STM32/Pecman_de/Core/Src/main.c:753:13:MX_TIM3_Init	4
C:/Users/user/Documents/STM32/Pecman_de/Core/Src/main.c:802:13:MX_USART2_UART_Init	2
C:/Users/user/Documents/STM32/Pecman_de/Core/Src/main.c:833:13:MX_DMA_Init	1
C:/Users/user/Documents/STM32/Pecman_de/Core/Src/main.c:851:13:MX_GPIO_Init	1
C:/Users/user/Documents/STM32/Pecman_de/Core/Src/main.c:899:6:Error_Handler	1
