C:/Users/user/Documents/STM32/Pecman_de/Core/Src/main.c:108:11:Dir_Joystick	4	static
C:/Users/user/Documents/STM32/Pecman_de/Core/Src/main.c:125:6:Move_Pacman	16	static
C:/Users/user/Documents/STM32/Pecman_de/Core/Src/main.c:168:6:LCD_Display_Charactor	32	static
C:/Users/user/Documents/STM32/Pecman_de/Core/Src/main.c:207:6:Move_Enemy	24	static
C:/Users/user/Documents/STM32/Pecman_de/Core/Src/main.c:246:6:LCD_Display_Enemy	32	static
C:/Users/user/Documents/STM32/Pecman_de/Core/Src/main.c:253:13:GameStatus	32	static
C:/Users/user/Documents/STM32/Pecman_de/Core/Src/main.c:308:6:LevelupInit	24	static
C:/Users/user/Documents/STM32/Pecman_de/Core/Src/main.c:326:6:HAL_TIM_PeriodElapsedCallback	16	static
C:/Users/user/Documents/STM32/Pecman_de/Core/Src/main.c:331:6:StartSound	8	static
C:/Users/user/Documents/STM32/Pecman_de/Core/Src/main.c:346:6:LoseSound	8	static
C:/Users/user/Documents/STM32/Pecman_de/Core/Src/main.c:366:6:WinSound	8	static
C:/Users/user/Documents/STM32/Pecman_de/Core/Src/main.c:409:5:main	376	static
C:/Users/user/Documents/STM32/Pecman_de/Core/Src/main.c:567:6:SystemClock_Config	88	static
C:/Users/user/Documents/STM32/Pecman_de/Core/Src/main.c:613:13:MX_ADC1_Init	24	static
C:/Users/user/Documents/STM32/Pecman_de/Core/Src/main.c:674:13:MX_I2C1_Init	8	static
C:/Users/user/Documents/STM32/Pecman_de/Core/Src/main.c:708:13:MX_TIM2_Init	32	static
C:/Users/user/Documents/STM32/Pecman_de/Core/Src/main.c:753:13:MX_TIM3_Init	48	static
C:/Users/user/Documents/STM32/Pecman_de/Core/Src/main.c:802:13:MX_USART2_UART_Init	8	static
C:/Users/user/Documents/STM32/Pecman_de/Core/Src/main.c:833:13:MX_DMA_Init	16	static
C:/Users/user/Documents/STM32/Pecman_de/Core/Src/main.c:851:13:MX_GPIO_Init	48	static
C:/Users/user/Documents/STM32/Pecman_de/Core/Src/main.c:899:6:Error_Handler	4	static,ignoring_inline_asm
